~/workspace$ # First, pull the remote changes and merge them
git pull origin main

# If there are merge conflicts, you'll need to resolve them
# If the pull succeeds, then push your changes
git push origin main
From https://github.com/r0ckitj0n/whimsicalfrog
 * branch            main       -> FETCH_HEAD
hint: You have divergent branches and need to specify how to reconcile them.
hint: You can do so by running one of the following commands sometime before
hint: your next pull:
hint:
hint:   git config pull.rebase false  # merge
hint:   git config pull.rebase true   # rebase
hint:   git config pull.ff only       # fast-forward only
hint:
hint: You can replace "git config" with "git config --global" to set a default
hint: preference for all repositories. You can also pass --rebase, --no-rebase,
hint: or --ff-only on the command line to override the configured default per
hint: invocation.
fatal: Need to specify how to reconcile divergent branches.
To https://github.com/r0ckitj0n/whimsicalfrog
 ! [rejected]        main -> main (non-fast-forward)
error: failed to push some refs to 'https://github.com/r0ckitj0n/whimsicalfrog'
hint: Updates were rejected because the tip of your current branch is behind
hint: its remote counterpart. If you want to integrate the remote changes,
hint: use 'git pull' before pushing again.
hint: See the 'Note about fast-forwards' in 'git push --help' for details.
~/workspace$ # Set merge strategy for this repository
git config pull.rebase false

# Now pull with merge strategy
git pull origin main
error: could not lock config file .git/config: File exists
From https://github.com/r0ckitj0n/whimsicalfrog
 * branch            main       -> FETCH_HEAD
hint: You have divergent branches and need to specify how to reconcile them.
hint: You can do so by running one of the following commands sometime before
hint: your next pull:
hint:
hint:   git config pull.rebase false  # merge
hint:   git config pull.rebase true   # rebase
hint:   git config pull.ff only       # fast-forward only
hint:
hint: You can replace "git config" with "git config --global" to set a default
hint: preference for all repositories. You can also pass --rebase, --no-rebase,
hint: or --ff-only on the command line to override the configured default per
hint: invocation.
fatal: Need to specify how to reconcile divergent branches.
~/workspace$ # Remove any git config lock files
rm -f .git/config.lock

# Pull with merge strategy specified directly (bypasses config issue)
git pull origin main --no-rebase

# Then push your changes
git push origin main
From https://github.com/r0ckitj0n/whimsicalfrog
 * branch            main       -> FETCH_HEAD
Merge made by the 'ort' strategy.
 components/admin_nav_tabs.php       |  2 +-
 sections/admin_settings.php         | 51 +++++++++++++++++++++++++++-----
 src/styles/admin-settings.css       |  4 +--
 src/styles/components/admin-nav.css |  4 +--
 src/styles/site-base.css            | 17 ++++++-----
 upload_dump.txt                     |  7 -----
 6 files changed, 58 insertions(+), 27 deletions(-)
 delete mode 100644 upload_dump.txt
Enumerating objects: 144, done.
Counting objects: 100% (126/126), done.
Delta compression using up to 8 threads
Compressing objects: 100% (102/102), done.
Writing objects: 100% (106/106), 3.34 MiB | 3.40 MiB/s, done.
Total 106 (delta 81), reused 0 (delta 0), pack-reused 0 (from 0)
remote: Resolving deltas: 100% (81/81), completed with 15 local objects.
remote: error: Trace: 0c727e687a68330b2b91450e9f31f653fb6ae673c974f86bf7a606c780f918c0
remote: error: See https://gh.io/lfs for more information.
remote: error: File attached_assets/local_db_dump_2025-09-23_23-24-29_1758686013297.sql is 113.30 MB; this exceeds GitHub's file size limit of 100.00 MB
remote: error: GH001: Large files detected. You may want to try Git Large File Storage - https://git-lfs.github.com.
To https://github.com/r0ckitj0n/whimsicalfrog
 ! [remote rejected] main -> main (pre-receive hook declined)
error: failed to push some refs to 'https://github.com/r0ckitj0n/whimsicalfrog'
~/workspace$ git status
On branch main
Your branch is ahead of 'origin/main' by 26 commits.
  (use "git push" to publish your local commits)

nothing to commit, working tree clean
~/workspace$ git commit -m "Merge remote changes"
On branch main
Your branch is ahead of 'origin/main' by 26 commits.
  (use "git push" to publish your local commits)

nothing to commit, working tree clean
~/workspace$ rm -f .git/config.lock
~/workspace$ git pull origin main --no-rebase
From https://github.com/r0ckitj0n/whimsicalfrog
 * branch            main       -> FETCH_HEAD
Already up to date.
~/workspace$ git push origin main
Enumerating objects: 144, done.
Counting objects: 100% (126/126), done.
Delta compression using up to 8 threads
Compressing objects: 100% (102/102), done.
Writing objects: 100% (106/106), 3.34 MiB | 3.41 MiB/s, done.
Total 106 (delta 81), reused 0 (delta 0), pack-reused 0 (from 0)
remote: Resolving deltas: 100% (81/81), completed with 15 local objects.
remote: error: Trace: b3cb30f345d67a58a4ca5256c611fc1f6bf3135c672ece7c3e1df566d75196e9
remote: error: See https://gh.io/lfs for more information.
remote: error: File attached_assets/local_db_dump_2025-09-23_23-24-29_1758686013297.sql is 113.30 MB; this exceeds GitHub's file size limit of 100.00 MB
remote: error: GH001: Large files detected. You may want to try Git Large File Storage - https://git-lfs.github.com.
To https://github.com/r0ckitj0n/whimsicalfrog
 ! [remote rejected] main -> main (pre-receive hook declined)
error: failed to push some refs to 'https://github.com/r0ckitj0n/whimsicalfrog'
~/workspace$ # Remove SQL files from git tracking (keeps them locally)
git rm --cached attached_assets/local_db_dump_2025-09-23_23-24-29_1758686013297.sql
git rm --cached scripts/dev/drop_legacy_css_tables.sql

# Add the updated .gitignore
git add .gitignore

# Commit the changes
git commit -m "Exclude all SQL files from GitHub pushes

- Updated .gitignore to exclude all *.sql files
- Removed SQL dumps from git tracking
- This resolves the 100MB file size limit issue"

# Now push should work
git push origin main
rm 'attached_assets/local_db_dump_2025-09-23_23-24-29_1758686013297.sql'
rm 'scripts/dev/drop_legacy_css_tables.sql'
[main 1f07ac7] Exclude all SQL files from GitHub pushes
 2 files changed, 2556 deletions(-)
 delete mode 100644 attached_assets/local_db_dump_2025-09-23_23-24-29_1758686013297.sql
 delete mode 100644 scripts/dev/drop_legacy_css_tables.sql
Enumerating objects: 158, done.
Counting objects: 100% (137/137), done.
Delta compression using up to 8 threads
Compressing objects: 100% (110/110), done.
Writing objects: 100% (114/114), 3.35 MiB | 3.74 MiB/s, done.
Total 114 (delta 88), reused 0 (delta 0), pack-reused 0 (from 0)
remote: Resolving deltas: 100% (88/88), completed with 18 local objects.
remote: error: Trace: cd6e73bd7975bc80ca04feb18e8110874675b8554519c60c906c82d43c1e35cf
remote: error: See https://gh.io/lfs for more information.
remote: error: File attached_assets/local_db_dump_2025-09-23_23-24-29_1758686013297.sql is 113.30 MB; this exceeds GitHub's file size limit of 100.00 MB
remote: error: GH001: Large files detected. You may want to try Git Large File Storage - https://git-lfs.github.com.
To https://github.com/r0ckitj0n/whimsicalfrog
 ! [remote rejected] main -> main (pre-receive hook declined)
error: failed to push some refs to 'https://github.com/r0ckitj0n/whimsicalfrog'
~/workspace$ 